******************************************************************************
                  TI ARM Linker PC v20.2.5                     
******************************************************************************
>> Linked Thu Oct 14 21:51:27 2021

OUTPUT FILE NAME:   <Lab13_Timers.out>
ENTRY POINT SYMBOL: "_c_int00_noargs"  address: 000013a5


MEMORY CONFIGURATION

         name            origin    length      used     unused   attr    fill
----------------------  --------  ---------  --------  --------  ----  --------
  MAIN                  00000000   00040000  0000147a  0003eb86  R  X
  INFO                  00200000   00004000  00000000  00004000  R  X
  SRAM_CODE             01000000   00010000  00000235  0000fdcb  RW X
  SRAM_DATA             20000000   00010000  00000235  0000fdcb  RW  


SEGMENT ALLOCATION MAP

run origin  load origin   length   init length attrs members
----------  ----------- ---------- ----------- ----- -------
00000000    00000000    00001480   00001480    r-x
  00000000    00000000    000000e4   000000e4    r-- .intvecs
  000000e4    000000e4    0000135e   0000135e    r-x .text
  00001448    00001448    00000038   00000038    r-- .cinit
20000000    20000000    00000035   00000000    rw-
  20000000    20000000    00000028   00000000    rw- .data
  20000028    20000028    0000000d   00000000    rw- .bss
2000fe00    2000fe00    00000200   00000000    rw-
  2000fe00    2000fe00    00000200   00000000    rw- .stack


SECTION ALLOCATION MAP

 output                                  attributes/
section   page    origin      length       input sections
--------  ----  ----------  ----------   ----------------
.intvecs   0    00000000    000000e4     
                  00000000    000000e4     startup_msp432p401r_ccs.obj (.intvecs:retain)

.text      0    000000e4    0000135e     
                  000000e4    00000630     TExaS.obj (.text)
                  00000714    0000032c     system_msp432p401r.obj (.text)
                  00000a40    000001f4     Motor.obj (.text)
                  00000c34    000001e0     Clock.obj (.text)
                  00000e14    00000180     PWM.obj (.text)
                  00000f94    00000134     Lab13_Timersmain.obj (.text)
                  000010c8    000000f8     LaunchPad.obj (.text)
                  000011c0    0000009c     TimerA1.obj (.text)
                  0000125c    0000009c     rtsv7M4_T_le_v4SPD16_eabi.lib : memcpy_t2.asm.obj (.text)
                  000012f8    00000068                                   : copy_decompress_lzss.c.obj (.text:decompress:lzss:__TI_decompress_lzss)
                  00001360    00000044                                   : autoinit.c.obj (.text:__TI_auto_init_nobinit_nopinit:__TI_auto_init_nobinit_nopinit)
                  000013a4    00000034                                   : boot_cortex_m.c.obj (.text:_c_int00_noargs:_c_int00_noargs)
                  000013d8    00000024     CortexM.obj (.text)
                  000013fc    0000001c     rtsv7M4_T_le_v4SPD16_eabi.lib : copy_zero_init.c.obj (.text:decompress:ZI:__TI_zero_init_nomemset:__TI_zero_init_nomemset)
                  00001418    0000000e                                   : copy_decompress_none.c.obj (.text:decompress:none:__TI_decompress_none)
                  00001426    0000000e     startup_msp432p401r_ccs.obj (.text)
                  00001434    00000006     Bump.obj (.text)
                  0000143a    00000004     rtsv7M4_T_le_v4SPD16_eabi.lib : pre_init.c.obj (.text:_system_pre_init)
                  0000143e    00000004                                   : exit.c.obj (.text:abort:abort)

.cinit     0    00001448    00000038     
                  00001448    0000000d     (.cinit..data.load) [load image, compression = lzss]
                  00001455    00000003     --HOLE-- [fill = 0]
                  00001458    0000000c     (__TI_handler_table)
                  00001464    00000004     --HOLE-- [fill = 0]
                  00001468    00000008     (.cinit..bss.load) [load image, compression = zero_init]
                  00001470    00000010     (__TI_cinit_table)

.init_array 
*          0    00000000    00000000     UNINITIALIZED

.binit     0    00000000    00000000     

.data      0    20000000    00000028     UNINITIALIZED
                  20000000    00000018     Clock.obj (.data)
                  20000018    0000000c     TExaS.obj (.data)
                  20000024    00000004     system_msp432p401r.obj (.data)

.bss       0    20000028    0000000d     UNINITIALIZED
                  20000028    00000004     (.common:PeriodicTask2)
                  2000002c    00000004     (.common:Time)
                  20000030    00000004     (.common:TimerA1Task)
                  20000034    00000001     (.common:LogicData)

.stack     0    2000fe00    00000200     UNINITIALIZED
                  2000fe00    00000004     rtsv7M4_T_le_v4SPD16_eabi.lib : boot_cortex_m.c.obj (.stack)
                  2000fe04    000001fc     --HOLE--

__llvm_prf_cnts 
*          0    20000000    00000000     UNINITIALIZED

MODULE SUMMARY

       Module                        code   ro data   rw data
       ------                        ----   -------   -------
    .\
       TExaS.obj                     1584   0         34     
       system_msp432p401r.obj        812    0         8      
       Clock.obj                     480    0         48     
       Motor.obj                     500    0         0      
       PWM.obj                       384    0         0      
       Lab13_Timersmain.obj          308    0         8      
       LaunchPad.obj                 248    0         0      
       startup_msp432p401r_ccs.obj   14     228       0      
       TimerA1.obj                   156    0         8      
       CortexM.obj                   36     0         0      
       Bump.obj                      6      0         0      
    +--+-----------------------------+------+---------+---------+
       Total:                        4528   228       106    
                                                             
    C:\ti\ccs1040\ccs\tools\compiler\ti-cgt-arm_20.2.5.LTS\lib\rtsv7M4_T_le_v4SPD16_eabi.lib
       memcpy_t2.asm.obj             156    0         0      
       copy_decompress_lzss.c.obj    104    0         0      
       autoinit.c.obj                68     0         0      
       boot_cortex_m.c.obj           52     0         0      
       copy_zero_init.c.obj          28     0         0      
       copy_decompress_none.c.obj    14     0         0      
       exit.c.obj                    4      0         0      
       pre_init.c.obj                4      0         0      
    +--+-----------------------------+------+---------+---------+
       Total:                        430    0         0      
                                                             
       Stack:                        0      0         1024   
       Linker Generated:             0      49        0      
    +--+-----------------------------+------+---------+---------+
       Grand Total:                  4958   277       1130   


LINKER GENERATED COPY TABLES

__TI_cinit_table @ 00001470 records: 2, size/record: 8, table size: 16
	.data: load addr=00001448, load size=0000000d bytes, run addr=20000000, run size=00000028 bytes, compression=lzss
	.bss: load addr=00001468, load size=00000008 bytes, run addr=20000028, run size=0000000d bytes, compression=zero_init


LINKER GENERATED HANDLER TABLE

__TI_handler_table @ 00001458 records: 3, size/record: 4, table size: 12
	index: 0, handler: __TI_decompress_lzss
	index: 1, handler: __TI_decompress_none
	index: 2, handler: __TI_zero_init


GLOBAL SYMBOLS: SORTED ALPHABETICALLY BY Name 

address   name                          
-------   ----                          
00001433  ADC14_IRQHandler              
00000475  ADC_Init                      
00001433  AES256_IRQHandler             
00001435  Bump_Init                     
00001437  Bump_Read                     
00001433  BusFault_Handler              
0000143f  C$$EXIT                       
00001433  COMP_E0_IRQHandler            
00001433  COMP_E1_IRQHandler            
20000008  CPMwait                       
00001433  CS_IRQHandler                 
20000000  ClockFrequency                
00000d89  Clock_Delay1ms                
00000d5f  Clock_Delay1us                
00000d4b  Clock_GetFreq                 
00000c35  Clock_Init48MHz               
20000014  Crystalstable                 
00001433  DMA_ERR_IRQHandler            
00001433  DMA_INT0_IRQHandler           
00001433  DMA_INT1_IRQHandler           
00001433  DMA_INT2_IRQHandler           
00001433  DMA_INT3_IRQHandler           
00001433  DebugMon_Handler              
00001433  Default_Handler               
000013d9  DisableInterrupts             
00001433  EUSCIA0_IRQHandler            
00001433  EUSCIA1_IRQHandler            
00001433  EUSCIA2_IRQHandler            
00001433  EUSCIA3_IRQHandler            
00001433  EUSCIB0_IRQHandler            
00001433  EUSCIB1_IRQHandler            
00001433  EUSCIB2_IRQHandler            
00001433  EUSCIB3_IRQHandler            
000013df  EnableInterrupts              
000013ef  EndCritical                   
00001433  FLCTL_IRQHandler              
00001433  FPU_IRQHandler                
00001433  HardFault_Handler             
20000010  IFlags                        
000010c9  LaunchPad_Init                
00001139  LaunchPad_Input               
00001157  LaunchPad_LED                 
00001175  LaunchPad_Output              
000000e5  LogicAnalyzer                 
000000ef  LogicAnalyzer_P1              
000001c5  LogicAnalyzer_P10             
000000fd  LogicAnalyzer_P2              
0000010b  LogicAnalyzer_P2_7654         
0000011b  LogicAnalyzer_P3              
00000129  LogicAnalyzer_P4              
00000147  LogicAnalyzer_P4_765320       
00000137  LogicAnalyzer_P4_765432       
0000017f  LogicAnalyzer_P5              
0000018d  LogicAnalyzer_P6              
0000019b  LogicAnalyzer_P7              
000001a9  LogicAnalyzer_P8              
000001b7  LogicAnalyzer_P9              
20000034  LogicData                     
00001433  MemManage_Handler             
00000bbb  Motor_Backward                
00000acf  Motor_Forward                 
00000a41  Motor_Init                    
00000b69  Motor_Left                    
00000b17  Motor_Right                   
00000aab  Motor_Stop                    
00001433  NMI_Handler                   
00001433  PCM_IRQHandler                
00001433  PORT1_IRQHandler              
00001433  PORT2_IRQHandler              
00001433  PORT3_IRQHandler              
00001433  PORT4_IRQHandler              
00001433  PORT5_IRQHandler              
00001433  PORT6_IRQHandler              
00001433  PSS_IRQHandler                
00000eff  PWM_Duty1                     
00000f1f  PWM_Duty2                     
00000f53  PWM_Duty3                     
00000f5f  PWM_Duty4                     
00000e15  PWM_Init1                     
00000e7b  PWM_Init12                    
00000f3f  PWM_Init34                    
00001433  PendSV_Handler                
20000028  PeriodicTask2                 
00000257  PeriodicTask2_Init            
000002d1  PeriodicTask2_Stop            
2000000c  Postwait                      
20000004  Prewait                       
00000fb5  Program13_1                   
00001043  Program13_2                   
00001433  RTC_C_IRQHandler              
00001427  Reset_Handler                 
00001433  SVC_Handler                   
000001d3  Scope                         
000013e5  StartCritical                 
00001433  SysTick_Handler               
20000024  SystemCoreClock               
00000715  SystemCoreClockUpdate         
00000989  SystemInit                    
000002c1  T32_INT1_IRQHandler           
000002c1  T32_INT1_IRQHandler           
00001433  T32_INT2_IRQHandler           
00001433  T32_INTC_IRQHandler           
00001433  TA0_0_IRQHandler              
00001433  TA0_N_IRQHandler              
00001229  TA1_0_IRQHandler              
00001229  TA1_0_IRQHandler              
00001433  TA1_N_IRQHandler              
00001433  TA2_0_IRQHandler              
00001433  TA2_N_IRQHandler              
00001433  TA3_0_IRQHandler              
00001433  TA3_N_IRQHandler              
00000413  TExaS_Clear0                  
0000041f  TExaS_Clear1                  
0000042b  TExaS_Clear2                  
00000437  TExaS_Clear3                  
00000443  TExaS_Clear4                  
00000445  TExaS_Clear5                  
00000451  TExaS_Clear6                  
00000551  TExaS_Init                    
2000001c  TExaS_ScopeErrConflict        
20000018  TExaS_ScopeErrLostData        
20000020  TExaS_ScopeWrnReconfig        
000003b1  TExaS_Set                     
000003c9  TExaS_Set0                    
000003d5  TExaS_Set1                    
000003e1  TExaS_Set2                    
000003ed  TExaS_Set3                    
000003f9  TExaS_Set4                    
000003fb  TExaS_Set5                    
00000407  TExaS_Set6                    
000006b1  TExaS_Stop                    
00000367  TExaS_Task0                   
00000373  TExaS_Task1                   
0000037f  TExaS_Task2                   
0000038b  TExaS_Task3                   
00000397  TExaS_Task4                   
00000399  TExaS_Task5                   
000003a5  TExaS_Task6                   
00001019  Task                          
2000002c  Time                          
00000f95  TimedPause                    
20000030  TimerA1Task                   
000011c1  TimerA1_Init                  
00001215  TimerA1_Stop                  
0000033b  UART_InChar                   
000002e1  UART_Init                     
0000034b  UART_OutChar                  
00001433  UsageFault_Handler            
4000480c  WDTCTL_SYM                    
00001433  WDT_A_IRQHandler              
000013f7  WaitForInterrupt              
20010000  __STACK_END                   
00000200  __STACK_SIZE                  
00001470  __TI_CINIT_Base               
00001480  __TI_CINIT_Limit              
00001458  __TI_Handler_Table_Base       
00001464  __TI_Handler_Table_Limit      
00001361  __TI_auto_init_nobinit_nopinit
000012f9  __TI_decompress_lzss          
00001419  __TI_decompress_none          
ffffffff  __TI_pprof_out_hndl           
ffffffff  __TI_prof_data_size           
ffffffff  __TI_prof_data_start          
00000000  __TI_static_base__            
000013fd  __TI_zero_init_nomemset       
0000125d  __aeabi_memcpy                
0000125d  __aeabi_memcpy4               
0000125d  __aeabi_memcpy8               
ffffffff  __binit__                     
ffffffff  __c_args__                    
UNDEFED   __mpu_init                    
2000fe00  __stack                       
20000000  __start___llvm_prf_cnts       
20000000  __stop___llvm_prf_cnts        
000013a5  _c_int00_noargs               
UNDEFED   _system_post_cinit            
0000143b  _system_pre_init              
0000143f  abort                         
ffffffff  binit                         
00000d51  delay                         
00000000  interruptVectors              
00001067  main                          
0000125d  memcpy                        


GLOBAL SYMBOLS: SORTED BY Symbol Address 

address   name                          
-------   ----                          
00000000  __TI_static_base__            
00000000  interruptVectors              
000000e5  LogicAnalyzer                 
000000ef  LogicAnalyzer_P1              
000000fd  LogicAnalyzer_P2              
0000010b  LogicAnalyzer_P2_7654         
0000011b  LogicAnalyzer_P3              
00000129  LogicAnalyzer_P4              
00000137  LogicAnalyzer_P4_765432       
00000147  LogicAnalyzer_P4_765320       
0000017f  LogicAnalyzer_P5              
0000018d  LogicAnalyzer_P6              
0000019b  LogicAnalyzer_P7              
000001a9  LogicAnalyzer_P8              
000001b7  LogicAnalyzer_P9              
000001c5  LogicAnalyzer_P10             
000001d3  Scope                         
00000200  __STACK_SIZE                  
00000257  PeriodicTask2_Init            
000002c1  T32_INT1_IRQHandler           
000002c1  T32_INT1_IRQHandler           
000002d1  PeriodicTask2_Stop            
000002e1  UART_Init                     
0000033b  UART_InChar                   
0000034b  UART_OutChar                  
00000367  TExaS_Task0                   
00000373  TExaS_Task1                   
0000037f  TExaS_Task2                   
0000038b  TExaS_Task3                   
00000397  TExaS_Task4                   
00000399  TExaS_Task5                   
000003a5  TExaS_Task6                   
000003b1  TExaS_Set                     
000003c9  TExaS_Set0                    
000003d5  TExaS_Set1                    
000003e1  TExaS_Set2                    
000003ed  TExaS_Set3                    
000003f9  TExaS_Set4                    
000003fb  TExaS_Set5                    
00000407  TExaS_Set6                    
00000413  TExaS_Clear0                  
0000041f  TExaS_Clear1                  
0000042b  TExaS_Clear2                  
00000437  TExaS_Clear3                  
00000443  TExaS_Clear4                  
00000445  TExaS_Clear5                  
00000451  TExaS_Clear6                  
00000475  ADC_Init                      
00000551  TExaS_Init                    
000006b1  TExaS_Stop                    
00000715  SystemCoreClockUpdate         
00000989  SystemInit                    
00000a41  Motor_Init                    
00000aab  Motor_Stop                    
00000acf  Motor_Forward                 
00000b17  Motor_Right                   
00000b69  Motor_Left                    
00000bbb  Motor_Backward                
00000c35  Clock_Init48MHz               
00000d4b  Clock_GetFreq                 
00000d51  delay                         
00000d5f  Clock_Delay1us                
00000d89  Clock_Delay1ms                
00000e15  PWM_Init1                     
00000e7b  PWM_Init12                    
00000eff  PWM_Duty1                     
00000f1f  PWM_Duty2                     
00000f3f  PWM_Init34                    
00000f53  PWM_Duty3                     
00000f5f  PWM_Duty4                     
00000f95  TimedPause                    
00000fb5  Program13_1                   
00001019  Task                          
00001043  Program13_2                   
00001067  main                          
000010c9  LaunchPad_Init                
00001139  LaunchPad_Input               
00001157  LaunchPad_LED                 
00001175  LaunchPad_Output              
000011c1  TimerA1_Init                  
00001215  TimerA1_Stop                  
00001229  TA1_0_IRQHandler              
00001229  TA1_0_IRQHandler              
0000125d  __aeabi_memcpy                
0000125d  __aeabi_memcpy4               
0000125d  __aeabi_memcpy8               
0000125d  memcpy                        
000012f9  __TI_decompress_lzss          
00001361  __TI_auto_init_nobinit_nopinit
000013a5  _c_int00_noargs               
000013d9  DisableInterrupts             
000013df  EnableInterrupts              
000013e5  StartCritical                 
000013ef  EndCritical                   
000013f7  WaitForInterrupt              
000013fd  __TI_zero_init_nomemset       
00001419  __TI_decompress_none          
00001427  Reset_Handler                 
00001433  ADC14_IRQHandler              
00001433  AES256_IRQHandler             
00001433  BusFault_Handler              
00001433  COMP_E0_IRQHandler            
00001433  COMP_E1_IRQHandler            
00001433  CS_IRQHandler                 
00001433  DMA_ERR_IRQHandler            
00001433  DMA_INT0_IRQHandler           
00001433  DMA_INT1_IRQHandler           
00001433  DMA_INT2_IRQHandler           
00001433  DMA_INT3_IRQHandler           
00001433  DebugMon_Handler              
00001433  Default_Handler               
00001433  EUSCIA0_IRQHandler            
00001433  EUSCIA1_IRQHandler            
00001433  EUSCIA2_IRQHandler            
00001433  EUSCIA3_IRQHandler            
00001433  EUSCIB0_IRQHandler            
00001433  EUSCIB1_IRQHandler            
00001433  EUSCIB2_IRQHandler            
00001433  EUSCIB3_IRQHandler            
00001433  FLCTL_IRQHandler              
00001433  FPU_IRQHandler                
00001433  HardFault_Handler             
00001433  MemManage_Handler             
00001433  NMI_Handler                   
00001433  PCM_IRQHandler                
00001433  PORT1_IRQHandler              
00001433  PORT2_IRQHandler              
00001433  PORT3_IRQHandler              
00001433  PORT4_IRQHandler              
00001433  PORT5_IRQHandler              
00001433  PORT6_IRQHandler              
00001433  PSS_IRQHandler                
00001433  PendSV_Handler                
00001433  RTC_C_IRQHandler              
00001433  SVC_Handler                   
00001433  SysTick_Handler               
00001433  T32_INT2_IRQHandler           
00001433  T32_INTC_IRQHandler           
00001433  TA0_0_IRQHandler              
00001433  TA0_N_IRQHandler              
00001433  TA1_N_IRQHandler              
00001433  TA2_0_IRQHandler              
00001433  TA2_N_IRQHandler              
00001433  TA3_0_IRQHandler              
00001433  TA3_N_IRQHandler              
00001433  UsageFault_Handler            
00001433  WDT_A_IRQHandler              
00001435  Bump_Init                     
00001437  Bump_Read                     
0000143b  _system_pre_init              
0000143f  C$$EXIT                       
0000143f  abort                         
00001458  __TI_Handler_Table_Base       
00001464  __TI_Handler_Table_Limit      
00001470  __TI_CINIT_Base               
00001480  __TI_CINIT_Limit              
20000000  ClockFrequency                
20000000  __start___llvm_prf_cnts       
20000000  __stop___llvm_prf_cnts        
20000004  Prewait                       
20000008  CPMwait                       
2000000c  Postwait                      
20000010  IFlags                        
20000014  Crystalstable                 
20000018  TExaS_ScopeErrLostData        
2000001c  TExaS_ScopeErrConflict        
20000020  TExaS_ScopeWrnReconfig        
20000024  SystemCoreClock               
20000028  PeriodicTask2                 
2000002c  Time                          
20000030  TimerA1Task                   
20000034  LogicData                     
2000fe00  __stack                       
20010000  __STACK_END                   
4000480c  WDTCTL_SYM                    
ffffffff  __TI_pprof_out_hndl           
ffffffff  __TI_prof_data_size           
ffffffff  __TI_prof_data_start          
ffffffff  __binit__                     
ffffffff  __c_args__                    
ffffffff  binit                         
UNDEFED   __mpu_init                    
UNDEFED   _system_post_cinit            

[183 symbols]
